// Jest Snapshot v1, https://goo.gl/fbAQLP

exports[`fetchCommunities actions creates FETCH_COMMUNITIES when fetching communities has been done 1`] = `
Array [
  Object {
    "communities": Array [
      Object {
        "group": "North West",
        "id": "56e20c00-805b-44b7-831f-f33e50edd54e",
        "imgUrl": "https://s3-ca-central-1.amazonaws.com/cdnarchitect/2017/11/24105657/bowness-park-rehabilitation.jpg",
        "name": "Bowness",
      },
      Object {
        "group": "North West",
        "id": "20244d9f-8147-4633-9b29-4c0ec5a762a9",
        "imgUrl": "https://www.bwalk.com/media/4883/varsitysq1-rimyreehal2017-16.jpg?anchor=center&mode=crop&width=768&height=350&rnd=132114728500000000",
        "name": "Varsity",
      },
      Object {
        "group": "North East",
        "id": "af2c8ca7-e3bb-4c8f-8f40-1f6156f4d7c4",
        "imgUrl": "https://www.daniyalnasiri.com/uploads/agent-1738/calgary-aerial.jpg",
        "name": "Mountview - Winston Heights in North East Calgary",
      },
      Object {
        "group": "South East",
        "id": "1f161dcd-1221-4b0f-9ced-1498807cca55",
        "imgUrl": "https://www.brookfieldresidential.com/-/media/brp/alberta/calgary-and-area/calgary/auburn-bay/community-images/auburn-bay-lake-sunset-dock-brookfield-residential.jpg?h=1000&w=1600&la=en&hash=9D01761DA6F423AE008124B4A116D0182FF297D0",
        "name": "Auburn Bay",
      },
      Object {
        "group": "South East",
        "id": "7fccecd9-d246-4681-84e9-a92861999c20",
        "imgUrl": "https://www.brookfieldresidential.com/-/media/brp/alberta/calgary-and-area/calgary/seton/community-images/business-district-seton-calgary-alberta.jpg?h=1000&w=1062&la=en&hash=0FFD97F5384CD9825FCBB8C5775C92976D36C9CE",
        "name": "Seton",
      },
      Object {
        "group": "South West",
        "id": "f5796140-887c-4cf0-b301-f96f3f4fc275",
        "imgUrl": "https://media-cdn.tripadvisor.com/media/photo-s/0d/c8/f0/d5/photo0jpg.jpg",
        "name": "Eau Claire",
      },
      Object {
        "group": "South West",
        "id": "a75e7343-23f3-45c4-a1a4-e88746b11ebf",
        "imgUrl": "",
        "name": "Oakridge",
      },
      Object {
        "group": "South East",
        "id": "84666941-c1b9-43a8-82a0-dbc3a82862c4",
        "imgUrl": "https://www.hopewellsandgate.com/img/website/content/about-mahogany/lakes-beaches.jpg",
        "name": "Mahogany",
      },
      Object {
        "group": "North West",
        "id": "29c7292d-c04b-49c4-acd6-a1a8de952408",
        "imgUrl": "https://images.century21.ca/Listings/MLS/56/C3604827/7D98BABD152205473DF0A10FEC1B6526.Jpg?width=650&height=487&scale=both&lang=en-CA",
        "name": "Brentwood",
      },
      Object {
        "group": "North West",
        "id": "86b42a15-1a35-4819-8646-6719ea275ecf",
        "imgUrl": "https://calgary.newinfills.ca/media/original/rosedale-calgary-newinfills.jpg",
        "name": "Rosedale",
      },
    ],
    "type": "FETCH_COMMUNITIES",
  },
]
`;
